src/pages/admin/AdminDashboard.tsx(7,82): error TS2724: '"../../services/adminService"' has no exported member named 'Profile'. Did you mean 'profile'?
src/pages/admin/AdminExamReviewPage.tsx(56,31): error TS2339: Property 'nd' does not exist on type 'ExamQuestion[]'.
src/pages/admin/AdminExamReviewPage.tsx(56,35): error TS7006: Parameter 'x' implicitly has an 'any' type.
src/pages/admin/AdminExams.tsx(57,58): error TS2552: Cannot find name 'file'. Did you mean 'File'?
src/pages/admin/AdminExams.tsx(700,50): error TS2339: Property 'les' does not exist on type 'EventTarget & HTMLInputElement'.
src/pages/admin/AdminMaterials.tsx(22,34): error TS2749: 'file' refers to a value, but is being used as a type here. Did you mean 'typeof file'?
src/pages/admin/AdminMaterials.tsx(31,40): error TS2749: 'file' refers to a value, but is being used as a type here. Did you mean 'typeof file'?
src/pages/admin/AdminMaterials.tsx(159,146): error TS2339: Property 'les' does not exist on type 'EventTarget & HTMLInputElement'.
src/pages/admin/AdminMaterials.tsx(249,105): error TS2339: Property 'les' does not exist on type 'EventTarget & HTMLInputElement'.
src/pages/admin/AdminNotifications.tsx(4,15): error TS2724: '"../../services/Notificationservice"' has no exported member named 'notificationPriority'. Did you mean 'NotificationPriority'?
src/pages/admin/AdminNotifications.tsx(4,38): error TS2724: '"../../services/Notificationservice"' has no exported member named 'notificationTargetLevel'. Did you mean 'NotificationTargetLevel'?
src/pages/admin/AdminNotifications.tsx(4,63): error TS2724: '"../../services/Notificationservice"' has no exported member named 'notificationType'. Did you mean 'NotificationType'?
src/pages/admin/AdminNotifications.tsx(4,87): error TS1149: File name 'E:/computer and artificial intilgance/leidenschaft/Leidenschaft/src/services/Notificationservice.ts' differs from already included file name 'E:/computer and artificial intilgance/leidenschaft/Leidenschaft/src/services/notificationService.ts' only in casing.
  The file is in the program because:
    Imported via '../services/notificationService' from file 'E:/computer and artificial intilgance/leidenschaft/Leidenschaft/src/context/NotificationsContext.tsx'
    Imported via './notificationService' from file 'E:/computer and artificial intilgance/leidenschaft/Leidenschaft/src/services/adminService.ts'
    Imported via '../../services/Notificationservice' from file 'E:/computer and artificial intilgance/leidenschaft/Leidenschaft/src/pages/admin/AdminNotifications.tsx'
    Imported via './notificationService' from file 'E:/computer and artificial intilgance/leidenschaft/Leidenschaft/src/services/adminNotificationservice.ts'
    Imported via './notificationService' from file 'E:/computer and artificial intilgance/leidenschaft/Leidenschaft/src/services/adminNotificationservice.ts'
    Matched by include pattern 'src' in 'tsconfig.app.json'
src/pages/admin/AdminNotifications.tsx(5,15): error TS2724: '"../../services/adminNotificationservice"' has no exported member named 'notificationGroup'. Did you mean 'NotificationGroup'?
src/pages/admin/AdminNotifications.tsx(5,40): error TS1261: Already included file name 'E:/computer and artificial intilgance/leidenschaft/Leidenschaft/src/services/adminNotificationservice.ts' differs from file name 'E:/computer and artificial intilgance/leidenschaft/Leidenschaft/src/services/adminNotificationService.ts' only in casing.
  The file is in the program because:
    Imported via '../../services/adminNotificationservice' from file 'E:/computer and artificial intilgance/leidenschaft/Leidenschaft/src/pages/admin/AdminNotifications.tsx'
    Imported via '../../services/adminNotificationservice' from file 'E:/computer and artificial intilgance/leidenschaft/Leidenschaft/src/pages/admin/AdminNotifications.tsx'
    Matched by include pattern 'src' in 'tsconfig.app.json'
src/pages/admin/AdminNotifications.tsx(6,10): error TS2724: '"../../services/adminNotificationservice"' has no exported member named 'adminCreatenotificationGroup'. Did you mean 'adminCreateNotificationGroup'?
src/pages/admin/AdminNotifications.tsx(6,40): error TS2724: '"../../services/adminNotificationservice"' has no exported member named 'adminDeletenotificationGroup'. Did you mean 'adminDeleteNotificationGroup'?
src/pages/admin/AdminNotifications.tsx(6,70): error TS2724: '"../../services/adminNotificationservice"' has no exported member named 'adminFetchnotificationGroups'. Did you mean 'adminFetchNotificationGroups'?
src/pages/admin/AdminNotifications.tsx(6,100): error TS2724: '"../../services/adminNotificationservice"' has no exported member named 'adminUpdatenotificationGroup'. Did you mean 'adminUpdateNotificationGroup'?
src/pages/admin/AdminNotifications.tsx(82,19): error TS2551: Property 'fifilter' does not exist on type 'notificationGroup[]'. Did you mean 'filter'?
src/pages/admin/AdminNotifications.tsx(82,28): error TS7006: Parameter 'g' implicitly has an 'any' type.
src/pages/admin/AdminNotifications.tsx(309,46): error TS7006: Parameter 'g' implicitly has an 'any' type.
src/pages/admin/AdminStudents.tsx(21,21): error TS6133: 'setLevellter' is declared but its value is never read.
src/pages/admin/AdminStudents.tsx(109,46): error TS2552: Cannot find name 'setLevelfilter'. Did you mean 'setLevellter'?
src/pages/admin/AdminWebsite.tsx(38,40): error TS2552: Cannot find name 'file'. Did you mean 'File'?
src/pages/admin/AdminWebsite.tsx(49,40): error TS2552: Cannot find name 'file'. Did you mean 'File'?
src/pages/admin/AdminWebsite.tsx(58,42): error TS2552: Cannot find name 'file'. Did you mean 'File'?
src/pages/admin/AdminWebsite.tsx(70,42): error TS2552: Cannot find name 'file'. Did you mean 'File'?
src/pages/admin/AdminWebsite.tsx(301,89): error TS2339: Property 'les' does not exist on type 'EventTarget & HTMLInputElement'.
src/pages/admin/AdminWebsite.tsx(328,62): error TS2551: Property 'conrm' does not exist on type 'Window & typeof globalThis'. Did you mean 'confirm'?
src/pages/admin/AdminWebsite.tsx(380,89): error TS2339: Property 'les' does not exist on type 'EventTarget & HTMLInputElement'.
src/pages/admin/AdminWebsite.tsx(428,60): error TS2551: Property 'conrm' does not exist on type 'Window & typeof globalThis'. Did you mean 'confirm'?
src/pages/admin/AdminWebsite.tsx(494,88): error TS2339: Property 'les' does not exist on type 'EventTarget & HTMLInputElement'.
src/pages/admin/AdminWebsite.tsx(563,88): error TS2339: Property 'les' does not exist on type 'EventTarget & HTMLInputElement'.
src/pages/student/LessonPage.tsx(12,3): error TS2724: '"lucide-react"' has no exported member named 'FiLetterText'. Did you mean 'LetterText'?
src/pages/student/StudentResults.tsx(7,3): error TS2724: '"../../services/studentService"' has no exported member named 'fetchprofile'. Did you mean 'fetchProfile'?
src/pages/student/StudentResults.tsx(11,8): error TS2724: '"../../services/studentService"' has no exported member named 'profile'. Did you mean 'Profile'?
src/routes/index.tsx(21,46): error TS1261: Already included file name 'E:/computer and artificial intilgance/leidenschaft/Leidenschaft/src/pages/student/Studentprofile.tsx' differs from file name 'E:/computer and artificial intilgance/leidenschaft/Leidenschaft/src/pages/student/StudentProfile.tsx' only in casing.
  The file is in the program because:
    Imported via '../pages/student/Studentprofile' from file 'E:/computer and artificial intilgance/leidenschaft/Leidenschaft/src/routes/index.tsx'
    Matched by include pattern 'src' in 'tsconfig.app.json'
src/services/adminService.ts(7,3): error TS2724: '"./studentService"' has no exported member named 'profile'. Did you mean 'Profile'?
src/services/notificationService.ts(45,23): error TS2551: Property 'fifilter' does not exist on type 'any[]'. Did you mean 'filter'?
